// Jest Snapshot v1, https://goo.gl/fbAQLP

exports[`test cases for Home Home component renders correctly 1`] = `[Function]`;
